
 Start  Stop   Length Name                   Class
 00000H 0FF35H 0FF36H S1_CODE                BC_CODE
 0FF40H 1F92EH 0F9EFH S2_CODE                BC_CODE
 1F930H 2F337H 0FA08H S3_CODE                BC_CODE
 2F340H 39FAFH 0AC70H S4_CODE                BC_CODE
 39FB0H 39FBFH 00010H BLINK_TEXT             CODE
 39FC0H 3A010H 00051H EXIST_TEXT             CODE
 3A012H 3A1DDH 001CCH FCOPY_TEXT             CODE
 3A1DEH 3A23CH 0005FH FCOUNT_TEXT            CODE
 3A23EH 3A24BH 0000EH HIDECSR_TEXT           CODE
 3A24CH 3A645H 003FAH MAMENU_TEXT            CODE
 3A646H 3A697H 00052H QPTRIM_TEXT            CODE
 3A698H 3A6A5H 0000EH SHOWCSR_TEXT           CODE
 3A6A6H 3A876H 001D1H DOSERROR_TEXT          CODE
 3A878H 3A8CCH 00055H EXTERNAL_TEXT          CODE
 3A8CEH 3A906H 00039H FARSTR_TEXT            CODE
 3A908H 3A928H 00021H INITMOUS_TEXT          CODE
 3A92AH 3A9F0H 000C7H MONITOR_TEXT           CODE
 3A9F2H 3AA40H 0004FH MPIXEL_TEXT            CODE
 3AA42H 3AA5EH 0001DH PUTSTRNG_TEXT          CODE
 3AA60H 3AA7EH 0001FH REPSTOSW_TEXT          CODE
 3AA80H 3B59BH 00B1CH _TEXT                  CODE
 3B59CH 3BEB9H 0091EH LOADRTM                CODE
 3BEBAH 3BEBAH 00000H C_ETEXT                ENDCODE
 3BEC0H 3BEC0H 00000H FDATA                  FAR_DATA
 3BEC0H 3D203H 01344H FSL_CONST              FAR_DATA
 3D210H 3D210H 00000H FDATA                  FAR_DATA
 3D210H 3E255H 01046H FSL_CONST              FAR_DATA
 3E260H 3E260H 00000H FDATA                  FAR_DATA
 3E260H 3F6C1H 01462H FSL_CONST              FAR_DATA
 3F6D0H 3F6D0H 00000H FDATA                  FAR_DATA
 3F6D0H 4124FH 01B80H FSL_CONST              FAR_DATA
 41250H 42A4FH 01800H BR_DATA                BLANK
 42A50H 42A50H 00000H BR_SKYS                BLANK
 42A50H 49303H 068B4H COMMON                 BLANK
 49304H 49539H 00236H BC_DATA                BC_DATA
 4953AH 4953BH 00002H NMALLOC                BC_VARS
 4953CH 4953DH 00002H ENMALLOC               BC_VARS
 4953EH 4953EH 00000H BC_FT                  BC_SEGS
 49540H 4AB11H 015D2H BC_CN                  BC_SEGS
 4AB20H 4C3E2H 018C3H BC_DS                  BC_SEGS
 4C3E4H 4C3E4H 00000H BC_SAB                 BC_SEGS
 4C3E4H 4C3F3H 00010H BC_SA                  BC_SEGS
 4C3F4H 4C3F7H 00004H BC_SAE                 BC_SEGS
 4C3F8H 4C4CDH 000D6H _DATA                  DATA
 4C4CEH 4C4D1H 00004H _BSS                   DATA
 4C4D2H 4C4DFH 0000EH CDATA                  DATA
 4C4E0H 4C4E1H 00002H XIQC                   DATA
 4C4E2H 4C4E2H 00000H XIFB                   DATA
 4C4E2H 4C4E2H 00000H XIF                    DATA
 4C4E2H 4C4E2H 00000H XIFE                   DATA
 4C4E2H 4C4E2H 00000H XIFCB                  DATA
 4C4E2H 4C4E2H 00000H XIFCE                  DATA
 4C4E2H 4C4E2H 00000H XIB                    DATA
 4C4E2H 4C4E2H 00000H XI                     DATA
 4C4E2H 4C4E2H 00000H XIE                    DATA
 4C4E2H 4C4E2H 00000H XPB                    DATA
 4C4E2H 4C4E2H 00000H XP                     DATA
 4C4E2H 4C4E2H 00000H XPE                    DATA
 4C4E2H 4C4E2H 00000H XCB                    DATA
 4C4E2H 4C4E5H 00004H XC                     DATA
 4C4E6H 4C4E6H 00000H XCE                    DATA
 4C4E6H 4C4E6H 00000H XCFB                   DATA
 4C4E6H 4C4E6H 00000H XCFCRT                 DATA
 4C4E6H 4C4E6H 00000H XCF                    DATA
 4C4E6H 4C4E6H 00000H XCFE                   DATA
 4C4E6H 4C4E6H 00000H XECIB                  DATA
 4C4E6H 4C4E6H 00000H XECI                   DATA
 4C4E6H 4C4E6H 00000H XECIE                  DATA
 4C4E6H 4C4F3H 0000EH DBDATA                 DATA
 4C4F4H 4C4F4H 00000H XOB                    BSS
 4C4F4H 4C4F4H 00000H XO                     BSS
 4C4F4H 4C4F4H 00000H XOE                    BSS
 4C500H 4D4FFH 01000H STACK                  STACK

 Origin   Group
 4125:0   DGROUP

Program entry point at 3B59:011D
