
 Start  Stop   Length Name                   Class
 00000H 0FF35H 0FF36H S1_CODE                BC_CODE
 0FF40H 1F92EH 0F9EFH S2_CODE                BC_CODE
 1F930H 2F56BH 0FC3CH S3_CODE                BC_CODE
 2F570H 3A1DFH 0AC70H S4_CODE                BC_CODE
 3A1E0H 3A1EFH 00010H BLINK_TEXT             CODE
 3A1F0H 3A240H 00051H EXIST_TEXT             CODE
 3A242H 3A40DH 001CCH FCOPY_TEXT             CODE
 3A40EH 3A46CH 0005FH FCOUNT_TEXT            CODE
 3A46EH 3A47BH 0000EH HIDECSR_TEXT           CODE
 3A47CH 3A875H 003FAH MAMENU_TEXT            CODE
 3A876H 3A8C7H 00052H QPTRIM_TEXT            CODE
 3A8C8H 3A8D5H 0000EH SHOWCSR_TEXT           CODE
 3A8D6H 3AAA6H 001D1H DOSERROR_TEXT          CODE
 3AAA8H 3AAFCH 00055H EXTERNAL_TEXT          CODE
 3AAFEH 3AB36H 00039H FARSTR_TEXT            CODE
 3AB38H 3AB58H 00021H INITMOUS_TEXT          CODE
 3AB5AH 3AC20H 000C7H MONITOR_TEXT           CODE
 3AC22H 3AC70H 0004FH MPIXEL_TEXT            CODE
 3AC72H 3AC8EH 0001DH PUTSTRNG_TEXT          CODE
 3AC90H 3ACAEH 0001FH REPSTOSW_TEXT          CODE
 3ACB0H 3B7CBH 00B1CH _TEXT                  CODE
 3B7CCH 3C0E9H 0091EH LOADRTM                CODE
 3C0EAH 3C0EAH 00000H C_ETEXT                ENDCODE
 3C0F0H 3C0F0H 00000H FDATA                  FAR_DATA
 3C0F0H 3D433H 01344H FSL_CONST              FAR_DATA
 3D440H 3D440H 00000H FDATA                  FAR_DATA
 3D440H 3E485H 01046H FSL_CONST              FAR_DATA
 3E490H 3E490H 00000H FDATA                  FAR_DATA
 3E490H 3F935H 014A6H FSL_CONST              FAR_DATA
 3F940H 3F940H 00000H FDATA                  FAR_DATA
 3F940H 414BFH 01B80H FSL_CONST              FAR_DATA
 414C0H 42CBFH 01800H BR_DATA                BLANK
 42CC0H 42CC0H 00000H BR_SKYS                BLANK
 42CC0H 49573H 068B4H COMMON                 BLANK
 49574H 497A9H 00236H BC_DATA                BC_DATA
 497AAH 497ABH 00002H NMALLOC                BC_VARS
 497ACH 497ADH 00002H ENMALLOC               BC_VARS
 497AEH 497AEH 00000H BC_FT                  BC_SEGS
 497B0H 4ADB1H 01602H BC_CN                  BC_SEGS
 4ADC0H 4C682H 018C3H BC_DS                  BC_SEGS
 4C684H 4C684H 00000H BC_SAB                 BC_SEGS
 4C684H 4C693H 00010H BC_SA                  BC_SEGS
 4C694H 4C697H 00004H BC_SAE                 BC_SEGS
 4C698H 4C76DH 000D6H _DATA                  DATA
 4C76EH 4C771H 00004H _BSS                   DATA
 4C772H 4C77FH 0000EH CDATA                  DATA
 4C780H 4C781H 00002H XIQC                   DATA
 4C782H 4C782H 00000H XIFB                   DATA
 4C782H 4C782H 00000H XIF                    DATA
 4C782H 4C782H 00000H XIFE                   DATA
 4C782H 4C782H 00000H XIFCB                  DATA
 4C782H 4C782H 00000H XIFCE                  DATA
 4C782H 4C782H 00000H XIB                    DATA
 4C782H 4C782H 00000H XI                     DATA
 4C782H 4C782H 00000H XIE                    DATA
 4C782H 4C782H 00000H XPB                    DATA
 4C782H 4C782H 00000H XP                     DATA
 4C782H 4C782H 00000H XPE                    DATA
 4C782H 4C782H 00000H XCB                    DATA
 4C782H 4C785H 00004H XC                     DATA
 4C786H 4C786H 00000H XCE                    DATA
 4C786H 4C786H 00000H XCFB                   DATA
 4C786H 4C786H 00000H XCFCRT                 DATA
 4C786H 4C786H 00000H XCF                    DATA
 4C786H 4C786H 00000H XCFE                   DATA
 4C786H 4C786H 00000H XECIB                  DATA
 4C786H 4C786H 00000H XECI                   DATA
 4C786H 4C786H 00000H XECIE                  DATA
 4C786H 4C793H 0000EH DBDATA                 DATA
 4C794H 4C794H 00000H XOB                    BSS
 4C794H 4C794H 00000H XO                     BSS
 4C794H 4C794H 00000H XOE                    BSS
 4C7A0H 4D79FH 01000H STACK                  STACK

 Origin   Group
 414C:0   DGROUP

Program entry point at 3B7C:011D
