
 Start  Stop   Length Name                   Class
 00000H 0842AH 0842BH SCHEDULE_CODE          BC_CODE
 0842CH 085C6H 0019BH BOX0_TEXT              CODE
 085C8H 08618H 00051H EXIST_TEXT             CODE
 0861AH 08678H 0005FH FCOUNT_TEXT            CODE
 0867AH 0868AH 00011H GETDRIVE_TEXT          CODE
 0868CH 08699H 0000EH HIDECSR_TEXT           CODE
 0869AH 086BAH 00021H INITMOUS_TEXT          CODE
 086BCH 086F0H 00035H KILLFILE_TEXT          CODE
 086F2H 08AEBH 003FAH MAMENU_TEXT            CODE
 08AECH 08E7CH 00391H MMENUV_TEXT            CODE
 08E7EH 08F33H 000B6H MPAINTBX_TEXT          CODE
 08F34H 08FFBH 000C8H MQPRINT_TEXT           CODE
 08FFCH 0915DH 00162H MSCRNSR_TEXT           CODE
 0915EH 091AFH 00052H QPTRIM_TEXT            CODE
 091B0H 09239H 0008AH READFILE_TEXT          CODE
 0923AH 09247H 0000EH SHOWCSR_TEXT           CODE
 09248H 0942CH 001E5H SORTSTR_TEXT           CODE
 0942EH 095FEH 001D1H DOSERROR_TEXT          CODE
 09600H 09654H 00055H EXTERNAL_TEXT          CODE
 09656H 0968EH 00039H FARSTR_TEXT            CODE
 09690H 09756H 000C7H MONITOR_TEXT           CODE
 09758H 097A6H 0004FH MPIXEL_TEXT            CODE
 097A8H 097C4H 0001DH PUTSTRNG_TEXT          CODE
 097C6H 097E4H 0001FH REPSTOSW_TEXT          CODE
 097E6H 097FFH 0001AH STOSBSUB_TEXT          CODE
 09800H 09819H 0001AH STOSWSUB_TEXT          CODE
 09820H 0A33BH 00B1CH _TEXT                  CODE
 0A33CH 0AC59H 0091EH LOADRTM                CODE
 0AC5AH 0AC5AH 00000H C_ETEXT                ENDCODE
 0AC60H 0AC60H 00000H FDATA                  FAR_DATA
 0AC60H 0C4D5H 01876H FSL_CONST              FAR_DATA
 0C4E0H 0DCDFH 01800H BR_DATA                BLANK
 0DCE0H 0DCE0H 00000H BR_SKYS                BLANK
 0DCE0H 0DCE0H 00000H COMMON                 BLANK
 0DCE0H 10D01H 03022H BC_DATA                BC_DATA
 10D02H 10D03H 00002H NMALLOC                BC_VARS
 10D04H 10D05H 00002H ENMALLOC               BC_VARS
 10D06H 10D06H 00000H BC_FT                  BC_SEGS
 10D10H 11131H 00422H BC_CN                  BC_SEGS
 11140H 11142H 00003H BC_DS                  BC_SEGS
 11144H 11144H 00000H BC_SAB                 BC_SEGS
 11144H 11147H 00004H BC_SA                  BC_SEGS
 11148H 1114BH 00004H BC_SAE                 BC_SEGS
 1114CH 11233H 000E8H _DATA                  DATA
 11234H 11237H 00004H _BSS                   DATA
 11238H 11245H 0000EH CDATA                  DATA
 11246H 11247H 00002H XIQC                   DATA
 11248H 11248H 00000H XIFB                   DATA
 11248H 11248H 00000H XIF                    DATA
 11248H 11248H 00000H XIFE                   DATA
 11248H 11248H 00000H XIFCB                  DATA
 11248H 11248H 00000H XIFCE                  DATA
 11248H 11248H 00000H XIB                    DATA
 11248H 11248H 00000H XI                     DATA
 11248H 11248H 00000H XIE                    DATA
 11248H 11248H 00000H XPB                    DATA
 11248H 11248H 00000H XP                     DATA
 11248H 11248H 00000H XPE                    DATA
 11248H 11248H 00000H XCB                    DATA
 11248H 1124BH 00004H XC                     DATA
 1124CH 1124CH 00000H XCE                    DATA
 1124CH 1124CH 00000H XCFB                   DATA
 1124CH 1124CH 00000H XCFCRT                 DATA
 1124CH 1124CH 00000H XCF                    DATA
 1124CH 1124CH 00000H XCFE                   DATA
 1124CH 1124CH 00000H XECIB                  DATA
 1124CH 1124CH 00000H XECI                   DATA
 1124CH 1124CH 00000H XECIE                  DATA
 1124CH 11259H 0000EH DBDATA                 DATA
 1125AH 1125AH 00000H XOB                    BSS
 1125AH 1125AH 00000H XO                     BSS
 1125AH 1125AH 00000H XOE                    BSS
 11260H 1225FH 01000H STACK                  STACK

 Origin   Group
 0C4E:0   DGROUP

Program entry point at 0A33:011D

schedule.obj(schedule.bas) : error L2029: 'QEDIT' : unresolved external

