NORTHC OVERALL RECORD
PIG      DIVISION
              W   L   T   PCT  PF  PA
AKRON.19      0   0   0  .---  89  51
BOSTON_C.19   0   0   0  .---  98  51
CLEMSON.19    0   0   0  .--- 120  91
E_MICHIG.19   0   0   0  .---  90  60

NEC      DIVISION
              W   L   T   PCT  PF  PA
ALABAMA.19    0   0   0  .---  85  80
BOWLING.19    0   0   0  .---  50 108
COASTAL.19    0   0   0  .--- 100  47
E_WASHIN.19   0   0   0  .---  10  24

NORTHC CONFERENCE RECORD
PIG      DIVISION
              W   L   T   PCT  PF  PA

NEC      DIVISION
              W   L   T   PCT  PF  PA

RUSHING LEADERS (MIN 10 ATT/G)          RECEIVING LEADERS (MIN 4 REC/G)
                            AVG  ATT                                AVG  REC
                                        
                                        
                                        
                                        
                                        
                                        
                                        
                                        
                                        
                                        
                                        
                                        
                                        
                                        
                                        
                                        
                                        
                                        
                                        
                                        

RUSHING YARDS TOTAL                     RECEIVING YARDS TOTAL
                                        
                                        
                                        
                                        
                                        
                                        
                                        
                                        
                                        
                                        

RUSHING ATTEMPTS                        TOTAL RECEPTIONS
                                        
                                        
                                        
                                        
                                        
                                        
                                        
                                        
                                        
                                        

ALL PURPOSE YARDAGE                     SCORING NON-KICKERS
                                        
                                        
                                        
                                        
                                        
                                        
                                        
                                        
                                        
                                        

RUSHING TOUCHDOWNS                      RECEIVING TOUCHDOWNS
                                        
                                        
                                        
                                        
                                        
                                        
                                        
                                        
                                        
                                        

COMPLETION PERCENTAGE                   QUARTERBACK RATING
                                        
                                        
                                        
                                        
                                        
                                        
                                        
                                        
                                        
                                        

PASSING YARDAGE                         PASSING TOUCHDOWNS
                                        
                                        
                                        
                                        
                                        
                                        
                                        
                                        
                                        
                                        

KO RETURN AVERAGE                 #     PUNT RETURN AVERAGE               #
                                        
                                        
                                        
                                        
                                        
                                        
                                        
                                        
                                        
                                        

PUNTING AVERAGE                         SCORING (KICKERS)
                                        
                                        
                                        
                                        
                                        
                                        
                                        
                                        
                                        
                                        

FIELD GOAL %                     FGA    EXTRA POINT %                   EPA
                                        
                                        
                                        
                                        
                                        
                                        
                                        
                                        
                                        
                                        

INTERCEPTIONS                           SACKS
                                        
                                        
                                        
                                        
                                        
                                        
                                        
                                        
                                        
                                        

TOTAL OFFENSE  G PLAYS  YDS  AVG YDS/G  TOTAL DEFENSE   G PLAYS  YDS  AVG YDS/G
                                        
                                        
                                        
                                        
                                        
                                        
                                        
                                        
                                        
                                        
                                        
                                        
                                        
                                        
                                        
                                        
                                        
                                        
                                        
                                        

RUSHING OFF    G PLAYS  YDS  AVG YDS/G  RUSHING DEF     G PLAYS  YDS  AVG YDS/G
                                        
                                        
                                        
                                        
                                        
                                        
                                        
                                        
                                        
                                        
                                        
                                        
                                        
                                        
                                        
                                        
                                        
                                        
                                        
                                        

PASSING OFF    G   ATT   COM  INT    PCT  YARDS  YDS/ATT   YDS/G

PASSING DEF    G   ATT   COM  INT    PCT  YARDS  YDS/ATT   YDS/G

SCORING OFF    G  POINTS    AVG         SCORING DEF     G  POINTS    AVG
                                        
                                        
                                        
                                        
                                        
                                        
                                        
                                        
                                        
                                        
                                        
                                        
                                        
                                        
                                        
                                        
                                        
                                        
                                        
                                        

PUNTING        NO     AVG

TURNOVER MARGIN      GAINED          LOST           MARGIN/
                 FUM INT TOTAL   FUM INT TOTAL       GAME  
